// Jest Snapshot v1, https://goo.gl/fbAQLP

exports[`updating package.json 1`] = `
"{
  \\"name\\": \\"@ianwalter/example\\",
  \\"release\\": {
    \\"registries\\": [
      \\"foo\\",
      \\"bar\\"
    ],
    \\"logLevel\\": \\"debug\\"
  }
}
"
`;

exports[`updating package.json with existing data 1`] = `
"{
  \\"bff\\": {
    \\"logLevel\\": \\"info\\",
    \\"plugins\\": [
      \\"config.js\\"
    ]
  },
  \\"num\\": 8
}
"
`;
